// Jest Snapshot v1, https://goo.gl/fbAQLP

exports[`user 显示时snapshot测试 1`] = `
<div>
  
  name
  
  <div>
    123
  </div>
   
  <button
    class="el-button el-button--default"
    type="button"
  >
    <!---->
    <!---->
    <!---->
  </button>
</div>
`;
